// Jest Snapshot v1, https://goo.gl/fbAQLP

exports[`Header renders 1`] = `
<header
  className="sc-iBYQkv lmTaAg"
>
  <div
    className="sc-ipEyDJ kWmAWU"
  >
    <nav
      className="sc-ftTHYK dAUOxy"
    >
      <img
        className="sc-pyfCe jlRxxO"
        src="/images/birdie-logo.svg"
        width="110"
      />
    </nav>
  </div>
</header>
`;
