// Jest Snapshot v1, https://goo.gl/fbAQLP

exports[`Header renders 1`] = `
<header
  className="sc-eDvSVe gBdEOh"
>
  <div
    className="sc-gswNZR lhJxqP"
  >
    <nav
      className="sc-jSUZER dAZdIH"
    >
      <img
        className="sc-gKPRtg VGwCa"
        src="/images/birdie-logo.svg"
        width="110"
      />
    </nav>
  </div>
</header>
`;
