// Jest Snapshot v1, https://goo.gl/fbAQLP

exports[`Header renders 1`] = `
<header
  className="sc-gswNZR idCgGv"
>
  <div
    className="sc-bcXHqe iuWKlD"
  >
    <nav
      className="sc-dkrFOg jzXMtV"
    >
      <img
        className="sc-hLBbgP hlZwtI"
        src="/images/birdie-logo.svg"
        width="110"
      />
    </nav>
  </div>
</header>
`;
